C:\Program Files\Microsoft Visual Studio\2022\Enterprise\MSBuild\Microsoft\VC\v170\Microsoft.CppBuild.targets(517,5): warning MSB8028: The intermediate directory (Debug\) contains files shared from another project (Win32SimpleSample.vcxproj).  This can lead to incorrect clean and rebuild behavior.
  ToolMain.cpp
  _WIN32_WINNT not defined. Defaulting to _WIN32_WINNT_MAXVER (see WinSDKVer.h)
C:\Users\JohnGabriel\Documents\GitHub\WFFC-Edit\WOFFCEdit\ToolMain.cpp(144,46): warning C4244: '=': conversion from 'double' to 'float', possible loss of data
C:\Users\JohnGabriel\Documents\GitHub\WFFC-Edit\WOFFCEdit\ToolMain.cpp(145,46): warning C4244: '=': conversion from 'double' to 'float', possible loss of data
C:\Users\JohnGabriel\Documents\GitHub\WFFC-Edit\WOFFCEdit\ToolMain.cpp(146,46): warning C4244: '=': conversion from 'double' to 'float', possible loss of data
C:\Users\JohnGabriel\Documents\GitHub\WFFC-Edit\WOFFCEdit\ToolMain.cpp(147,46): warning C4244: '=': conversion from 'double' to 'float', possible loss of data
C:\Users\JohnGabriel\Documents\GitHub\WFFC-Edit\WOFFCEdit\ToolMain.cpp(148,46): warning C4244: '=': conversion from 'double' to 'float', possible loss of data
C:\Users\JohnGabriel\Documents\GitHub\WFFC-Edit\WOFFCEdit\ToolMain.cpp(149,46): warning C4244: '=': conversion from 'double' to 'float', possible loss of data
C:\Users\JohnGabriel\Documents\GitHub\WFFC-Edit\WOFFCEdit\ToolMain.cpp(150,46): warning C4244: '=': conversion from 'double' to 'float', possible loss of data
C:\Users\JohnGabriel\Documents\GitHub\WFFC-Edit\WOFFCEdit\ToolMain.cpp(151,46): warning C4244: '=': conversion from 'double' to 'float', possible loss of data
C:\Users\JohnGabriel\Documents\GitHub\WFFC-Edit\WOFFCEdit\ToolMain.cpp(152,46): warning C4244: '=': conversion from 'double' to 'float', possible loss of data
C:\Users\JohnGabriel\Documents\GitHub\WFFC-Edit\WOFFCEdit\ToolMain.cpp(164,48): warning C4244: '=': conversion from 'double' to 'float', possible loss of data
C:\Users\JohnGabriel\Documents\GitHub\WFFC-Edit\WOFFCEdit\ToolMain.cpp(165,48): warning C4244: '=': conversion from 'double' to 'float', possible loss of data
C:\Users\JohnGabriel\Documents\GitHub\WFFC-Edit\WOFFCEdit\ToolMain.cpp(166,48): warning C4244: '=': conversion from 'double' to 'float', possible loss of data
C:\Users\JohnGabriel\Documents\GitHub\WFFC-Edit\WOFFCEdit\ToolMain.cpp(170,48): warning C4244: '=': conversion from 'double' to 'float', possible loss of data
C:\Users\JohnGabriel\Documents\GitHub\WFFC-Edit\WOFFCEdit\ToolMain.cpp(171,47): warning C4244: '=': conversion from 'double' to 'float', possible loss of data
C:\Users\JohnGabriel\Documents\GitHub\WFFC-Edit\WOFFCEdit\ToolMain.cpp(172,42): warning C4244: '=': conversion from 'int' to 'float', possible loss of data
C:\Users\JohnGabriel\Documents\GitHub\WFFC-Edit\WOFFCEdit\ToolMain.cpp(176,50): warning C4244: '=': conversion from 'double' to 'int', possible loss of data
C:\Users\JohnGabriel\Documents\GitHub\WFFC-Edit\WOFFCEdit\ToolMain.cpp(177,50): warning C4244: '=': conversion from 'double' to 'int', possible loss of data
C:\Users\JohnGabriel\Documents\GitHub\WFFC-Edit\WOFFCEdit\ToolMain.cpp(187,57): warning C4244: '=': conversion from 'double' to 'float', possible loss of data
C:\Users\JohnGabriel\Documents\GitHub\WFFC-Edit\WOFFCEdit\ToolMain.cpp(188,57): warning C4244: '=': conversion from 'double' to 'float', possible loss of data
C:\Users\JohnGabriel\Documents\GitHub\WFFC-Edit\WOFFCEdit\ToolMain.cpp(189,57): warning C4244: '=': conversion from 'double' to 'float', possible loss of data
C:\Users\JohnGabriel\Documents\GitHub\WFFC-Edit\WOFFCEdit\ToolMain.cpp(190,58): warning C4244: '=': conversion from 'double' to 'float', possible loss of data
C:\Users\JohnGabriel\Documents\GitHub\WFFC-Edit\WOFFCEdit\ToolMain.cpp(191,58): warning C4244: '=': conversion from 'double' to 'float', possible loss of data
C:\Users\JohnGabriel\Documents\GitHub\WFFC-Edit\WOFFCEdit\ToolMain.cpp(192,58): warning C4244: '=': conversion from 'double' to 'float', possible loss of data
C:\Users\JohnGabriel\Documents\GitHub\WFFC-Edit\WOFFCEdit\ToolMain.cpp(193,59): warning C4244: '=': conversion from 'double' to 'float', possible loss of data
C:\Users\JohnGabriel\Documents\GitHub\WFFC-Edit\WOFFCEdit\ToolMain.cpp(194,56): warning C4244: '=': conversion from 'double' to 'float', possible loss of data
C:\Users\JohnGabriel\Documents\GitHub\WFFC-Edit\WOFFCEdit\ToolMain.cpp(195,54): warning C4244: '=': conversion from 'double' to 'float', possible loss of data
C:\Users\JohnGabriel\Documents\GitHub\WFFC-Edit\WOFFCEdit\ToolMain.cpp(196,57): warning C4244: '=': conversion from 'double' to 'float', possible loss of data
C:\Users\JohnGabriel\Documents\GitHub\WFFC-Edit\WOFFCEdit\ToolMain.cpp(428,6): warning C4244: 'argument': conversion from 'int' to 'float', possible loss of data
C:\Users\JohnGabriel\Documents\GitHub\WFFC-Edit\WOFFCEdit\ToolMain.cpp(427,54): warning C4244: 'argument': conversion from 'int' to 'float', possible loss of data
  Win32SimpleSample.vcxproj -> C:\Users\JohnGabriel\Documents\GitHub\WFFC-Edit\WOFFCEdit\Debug\WoFEdit.exe
